// Jest Snapshot v1, https://goo.gl/fbAQLP

exports[`anonymous authentication should be successful 1`] = `
Object {
  "token": Any<String>,
}
`;
